[  0%] Building VST3 manifest helper for OrigamiPlugin
[  5%] Built target OrigamiAssets
[  5%] Built target origami_spectral_heap_probe
[ 13%] Built target origami_core
-- Configuring done (0.0s)
-- Generating done (0.0s)
-- Build files have been written to: /Users/ginobarnes/Documents/Development/MELOGIC_RECORDS/origami/build-multihost/vst3_helpers/OrigamiPlugin
[ 13%] Built target origami_dsp_profile
[ 16%] Built target origami_patch
[ 16%] Built target origami_wavetable_bank_tests
[ 16%] Built target origami_nodes_bench
make[3]: warning: jobserver unavailable: using -j1.  Add `+' to parent make rule.
[ 20%] Built target origami_render
[ 20%] Built target origami_state_tests
[ 20%] Built target origami_tests
[ 20%] Built target origami_fx_tests
[ 21%] Built target origami_modulation_tests
[ 23%] Built target origami_spectral_tests
[ 23%] Built target origami_spectral_quality_tests
[100%] Built target vst3_helper
[ 23%] Built target OrigamiPlugin_vst3_helper
[ 23%] Building OBJCXX object CMakeFiles/OrigamiPlugin.dir/plugin/ui/NativeChoiceMenu_mac.mm.o
[ 23%] Linking CXX static library "OrigamiPlugin_artefacts/Release/libMCT Origami_SharedCode.a"
[ 44%] Built target OrigamiPlugin
[ 44%] Linking CXX executable "OrigamiPlugin_artefacts/Release/Standalone/MCT Origami.app/Contents/MacOS/MCT Origami"
[ 45%] Linking CXX CFBundle shared module "OrigamiPlugin_artefacts/Release/VST3/MCT Origami.vst3/Contents/MacOS/MCT Origami"
[ 46%] Linking CXX CFBundle shared module "OrigamiPlugin_artefacts/Release/AU/MCT Origami.component/Contents/MacOS/MCT Origami"
[ 49%] Linking CXX executable origami_perf_bench
[ 49%] Linking CXX executable origami_content_tests
[ 49%] Linking CXX executable origami_plugin_tests
[ 61%] Built target origami_content_tests
[ 73%] Built target origami_perf_bench
[ 85%] Built target origami_plugin_tests
[ 90%] Built target OrigamiPlugin_Standalone
[ 95%] Built target OrigamiPlugin_AU
/Users/ginobarnes/Documents/Development/MELOGIC_RECORDS/origami/build-multihost/OrigamiPlugin_artefacts/Release/VST3/MCT Origami.vst3: code has no resources but signature indicates they must be present
-- Replacing invalid signature with ad-hoc signature
/Users/ginobarnes/Documents/Development/MELOGIC_RECORDS/origami/build-multihost/OrigamiPlugin_artefacts/Release/VST3/MCT Origami.vst3: replacing existing signature
/Users/ginobarnes/Documents/Development/MELOGIC_RECORDS/origami/build-multihost/OrigamiPlugin_artefacts/Release/VST3/MCT Origami.vst3: code object is not signed at all
In subcomponent: /Users/ginobarnes/Documents/Development/MELOGIC_RECORDS/origami/build-multihost/OrigamiPlugin_artefacts/Release/VST3/MCT Origami.vst3/Contents/PkgInfo 2
removing moduleinfo.json
creating /Users/ginobarnes/Documents/Development/MELOGIC_RECORDS/origami/build-multihost/OrigamiPlugin_artefacts/Release/VST3/MCT Origami.vst3/Contents/Resources/moduleinfo.json
[100%] Built target OrigamiPlugin_VST3
